<?xml version="1.0" encoding="utf-8"?><testsuites><testsuite name="pytest" errors="0" failures="0" skipped="0" tests="53" time="2.020" timestamp="2025-09-19T12:03:03.720608+09:00" hostname="KSHI-J6CH6Q"><testcase classname="tests.test_gmail_fetcher.TestGmailFetcherUnit" name="test_extract_email_content" time="0.001" /><testcase classname="tests.test_gmail_fetcher.TestGmailFetcherUnit" name="test_extract_message_body_multipart" time="0.000" /><testcase classname="tests.test_gmail_fetcher.TestGmailFetcherUnit" name="test_extract_message_body_plain_text" time="0.000" /><testcase classname="tests.test_gmail_fetcher.TestGmailFetcherUnit" name="test_fetch_email_by_gmail_id_success" time="0.001" /><testcase classname="tests.test_gmail_fetcher.TestGmailFetcherUnit" name="test_fetch_email_by_message_id_header_not_found" time="0.001" /><testcase classname="tests.test_gmail_fetcher.TestGmailFetcherUnit" name="test_fetch_email_by_message_id_header_success" time="0.001" /><testcase classname="tests.test_gmail_fetcher.TestGmailFetcherUnit" name="test_fetch_message_by_id_not_found" time="0.002" /><testcase classname="tests.test_gmail_fetcher.TestGmailFetcherUnit" name="test_fetch_message_by_id_success" time="0.002" /><testcase classname="tests.test_gmail_fetcher.TestGmailFetcherUnit" name="test_search_message_by_message_id_header_not_found" time="0.002" /><testcase classname="tests.test_gmail_fetcher.TestGmailFetcherUnit" name="test_search_message_by_message_id_header_success" time="0.002" /><testcase classname="tests.test_gmail_fetcher.TestGmailFetcherUnit" name="test_strip_html_tags" time="0.001" /><testcase classname="tests.test_event_parser.TestEventParser" name="test_extract_event_details_json_parse_error" time="0.004" /><testcase classname="tests.test_event_parser.TestEventParser" name="test_extract_event_details_success" time="0.002" /><testcase classname="tests.test_event_parser.TestEventParser" name="test_extract_event_details_with_null_values" time="0.002" /><testcase classname="tests.test_event_parser.TestEventParser" name="test_extract_event_details_with_whitespace" time="0.002" /><testcase classname="tests.test_event_parser.TestEventParser" name="test_function_parameters" time="0.000" /><testcase classname="tests.test_event_parser.TestEventParser" name="test_prompt_content" time="0.002" /><testcase classname="tests.test_google_calendar.TestGoogleCalendarUnit" name="test_calendar_datetime_formatting" time="0.000" /><testcase classname="tests.test_google_calendar.TestGoogleCalendarUnit" name="test_calendar_generic_exception" time="0.002" /><testcase classname="tests.test_google_calendar.TestGoogleCalendarUnit" name="test_calendar_http_error" time="0.002" /><testcase classname="tests.test_google_calendar.TestGoogleCalendarUnit" name="test_calendar_missing_fields" time="0.001" /><testcase classname="tests.test_google_calendar.TestGoogleCalendarUnit" name="test_calendar_success" time="0.002" /><testcase classname="tests.test_main.TestMainFunctions" name="test_create_calendar_event_credentials_error" time="0.001" /><testcase classname="tests.test_main.TestMainFunctions" name="test_create_calendar_event_exception" time="0.001" /><testcase classname="tests.test_main.TestMainFunctions" name="test_create_calendar_event_failure" time="0.001" /><testcase classname="tests.test_main.TestMainFunctions" name="test_create_calendar_event_success" time="0.002" /><testcase classname="tests.test_main.TestMainFunctions" name="test_display_event_details" time="0.001" /><testcase classname="tests.test_main.TestMainFunctions" name="test_display_event_details_missing_data" time="0.001" /><testcase classname="tests.test_main.TestMainFunctions" name="test_get_email_input_direct_text" time="0.000" /><testcase classname="tests.test_main.TestMainFunctions" name="test_get_email_input_file" time="0.001" /><testcase classname="tests.test_main.TestMainFunctions" name="test_get_email_input_file_not_found" time="0.001" /><testcase classname="tests.test_main.TestMainFunctions" name="test_get_email_input_interactive" time="0.001" /><testcase classname="tests.test_main.TestMainFunctions" name="test_get_email_input_keyboard_interrupt" time="0.001" /><testcase classname="tests.test_main.TestMainFunctions" name="test_get_user_confirmation_keyboard_interrupt" time="0.001" /><testcase classname="tests.test_main.TestMainFunctions" name="test_get_user_confirmation_missing_critical_data" time="0.001" /><testcase classname="tests.test_main.TestMainFunctions" name="test_get_user_confirmation_no" time="0.001" /><testcase classname="tests.test_main.TestMainFunctions" name="test_get_user_confirmation_yes" time="0.001" /><testcase classname="tests.test_main.TestMainFunctions" name="test_get_user_confirmation_yes_full" time="0.001" /><testcase classname="tests.test_main.TestMainFunctions" name="test_load_environment_default_location" time="0.001" /><testcase classname="tests.test_main.TestMainFunctions" name="test_load_environment_missing_project_id" time="0.001" /><testcase classname="tests.test_main.TestMainFunctions" name="test_load_environment_success" time="0.001" /><testcase classname="tests.test_main.TestMainFunctions" name="test_setup_logging" time="0.001" /><testcase classname="tests.test_main.TestMainFunctions" name="test_validate_email_input_empty" time="0.000" /><testcase classname="tests.test_main.TestMainFunctions" name="test_validate_email_input_length_truncation" time="0.001" /><testcase classname="tests.test_main.TestMainFunctions" name="test_validate_email_input_sanitization" time="0.000" /><testcase classname="tests.test_main.TestMainFunctions" name="test_validate_email_input_success" time="0.000" /><testcase classname="tests.test_main.TestMainFunctions" name="test_validate_email_input_too_short" time="0.000" /><testcase classname="tests.test_main.TestMainFunctions" name="test_validate_extracted_data_complete" time="0.001" /><testcase classname="tests.test_main.TestMainFunctions" name="test_validate_extracted_data_invalid_date" time="0.001" /><testcase classname="tests.test_main.TestMainFunctions" name="test_validate_extracted_data_invalid_time" time="0.001" /><testcase classname="tests.test_main.TestMainFunctions" name="test_validate_extracted_data_missing_keys" time="0.000" /><testcase classname="tests.test_main.TestMainIntegration" name="test_email_validation_workflow" time="0.000" /><testcase classname="tests.test_main.TestMainIntegration" name="test_error_handling_workflow" time="0.001" /></testsuite></testsuites>